// Vitest Snapshot v1

exports[`<Tooltip /> > should render the tooltip trigger without popup content 1`] = `
<div
  class="Planum-c-PJLV Planum-c-PJLV-ibzwKCF-css"
  data-testid="trigger"
>
  trigger
</div>
`;
